<html>
<body>
<pre>
<h1>µVision Build Log</h1>
<h2>Project:</h2>
G:\³É¹¦³ÌÐò\USER\WORK.uvprojx
Project File Date:  07/23/2018

<h2>Output:</h2>
Build target 'Target 1'
compiling main.c...
main.c(33): warning:  #68-D: integer conversion resulted in a change of sign
        u8 pic_num = -1;
main.c(71): warning:  #223-D: function "testCaiquan" declared implicitly
                                testCaiquan();
main.c(87): warning:  #223-D: function "Caiquan" declared implicitly
                        Caiquan();
main.c(99): warning:  #223-D: function "Huaquan" declared implicitly
                        Huaquan();
main.c(32): warning:  #177-D: variable "key_mode" was declared but never referenced
        u8 key_mode;
main.c(33): warning:  #177-D: variable "pic_num" was declared but never referenced
        u8 pic_num = -1;
main.c: 6 warnings, 0 errors
linking...
Program Size: Code=40370 RO-data=22626 RW-data=108 ZI-data=11548  
FromELF: creating hex file...
"..\OBJ\LED.axf" - 0 Error(s), 6 Warning(s).
dif
..\HARDWARE\mydraw.c(32): warning:  #1-D: last line of file ends without a newline
  }     
..\HARDWARE\mydraw.c: 2 warnings, 0 errors
compiling caiquan.c...
..\HARDWARE\caiquan.h(29): warning:  #1-D: last line of file ends without a newline
  #endif
..\HARDWARE\caiquan.c(55): warning:  #514-D: pointless comparison of unsigned integer with a negative constant
                        else if(item==-1){LCD_Fill(5,120,235,315,0xDFFF);}
..\HARDWARE\caiquan.c(22): warning:  #177-D: variable "str" was declared but never referenced
        char *str;
..\HARDWARE\caiquan.c(65): warning:  #177-D: variable "train_time" was declared but never referenced
        u8 train_time,ges_time;
..\HARDWARE\caiquan.c(65): warning:  #177-D: variable "ges_time" was declared but never referenced
        u8 train_time,ges_time;
..\HARDWARE\caiquan.c(66): warning:  #177-D: variable "str" was declared but never referenced
        char *str;
..\HARDWARE\caiquan.c(329): warning:  #68-D: integer conversion resulted in a change of sign
                        else if(back>=10) return -1;
..\HARDWARE\caiquan.c(332): warning:  #68-D: integer conversion resulted in a change of sign
        return -1;
..\HARDWARE\caiquan.c(413): warning:  #514-D: pointless comparison of unsigned integer with a negative constant
                        else if(item==-1){LCD_Fill(5,120,235,315,0xDFFF);}
..\HARDWARE\caiquan.c(440): warning:  #1-D: last line of file ends without a newline
  }
..\HARDWARE\caiquan.c: 10 warnings, 0 errors
compiling huaquan.c...
..\HARDWARE\huaquan.h(69): warning:  #1-D: last line of file ends without a newline
  #endif
..\HARDWARE\huaquan.c(59): warning:  #514-D: pointless comparison of unsigned integer with a negative constant
                        else if(item==-1){LCD_Fill(5,120,235,315,0xDFFF);}
..\HARDWARE\huaquan.c(24): warning:  #177-D: variable "str" was declared but never referenced
        char *str;
..\HARDWARE\huaquan.c(69): warning:  #177-D: variable "train_time" was declared but never referenced
        u8 train_time,ges_time;
..\HARDWARE\huaquan.c(69): warning:  #177-D: variable "ges_time" was declared but never referenced
        u8 train_time,ges_time;
..\HARDWARE\huaquan.c(70): warning:  #177-D: variable "str" was declared but never referenced
        char *str;
..\HARDWARE\huaquan.c(391): warning:  #68-D: integer conversion resulted in a change of sign
                        else if(back>=8) return -1;
..\HARDWARE\huaquan.c(394): warning:  #68-D: integer conversion resulted in a change of sign
        return -1;
..\HARDWARE\huaquan.c: 8 warnings, 0 errors
compiling delay.c...
compiling sys.c...
compiling usart.c...
compiling core_cm3.c...
assembling startup_stm32f10x_hd.s...
compiling stm32f10x_gpio.c...
compiling stm32f10x_rcc.c...
compiling stm32f10x_usart.c...
compiling misc.c...
compiling stm32f10x_exti.c...
linking...
Program Size: Code=39434 RO-data=22626 RW-data=72 ZI-data=11544  
FromELF: creating hex file...
"..\OBJ\LED.axf" - 0 Error(s), 25 Warning(s).
2 RO-data=22626 RW-data=108 ZI-data=11548  
FromELF: creating hex file...
"..\OBJ\LED.axf" - 0 Error(s), 26 Warning(s).
compiling caiquan.c...
..\HARDWARE\caiquan.h(29): warning:  #1-D: last line of file ends without a newline
  #endif
..\HARDWARE\caiquan.c(55): warning:  #514-D: pointless comparison of unsigned integer with a negative constant
                        else if(item==-1){LCD_Fill(5,120,235,315,0xDFFF);}
..\HARDWARE\caiquan.c(22): warning:  #177-D: variable "str" was declared but never referenced
        char *str;
..\HARDWARE\caiquan.c(65): warning:  #177-D: variable "train_time" was declared but never referenced
        u8 train_time,ges_time;
..\HARDWARE\caiquan.c(65): warning:  #177-D: variable "ges_time" was declared but never referenced
        u8 train_time,ges_time;
..\HARDWARE\caiquan.c(66): warning:  #177-D: variable "str" was declared but never referenced
        char *str;
..\HARDWARE\caiquan.c(329): warning:  #68-D: integer conversion resulted in a change of sign
                        else if(back>=10) return -1;
..\HARDWARE\caiquan.c(332): warning:  #68-D: integer conversion resulted in a change of sign
        return -1;
..\HARDWARE\caiquan.c(413): warning:  #514-D: pointless comparison of unsigned integer with a negative constant
                        else if(item==-1){LCD_Fill(5,120,235,315,0xDFFF);}
..\HARDWARE\caiquan.c(440): warning:  #1-D: last line of file ends without a newline
  }
..\HARDWARE\caiquan.c: 10 warnings, 0 errors
"..\HARDWARE\caiquan.c" - 0 Error(s), 10 Warning(s).
